<html>
<body>
<pre>
<h1>µVision Build Log</h1>
<h2>Project:</h2>
C:\Users\av.naykov\Desktop\gusev\7DAC\Blinky.uvproj
Project File Date:  10/03/2016

<h2>Output:</h2>
Build target 'MCB1700'
compiling Blinky.c...
LibraryDisplay.h(1): warning:  #1295-D: Deprecated declaration init_display - give arg types
  extern void init_display ();
LibraryDisplay.h(4): warning:  #1-D: last line of file ends without a newline
  void GLCD_DisplayU32(unsigned int ln, unsigned int col, unsigned char fi, unsigned int Data);
Blinky.c(13): warning:  #1295-D: Deprecated declaration SysTick_Handler - give arg types
  void SysTick_Handler();
Blinky.c(14): warning:  #1295-D: Deprecated declaration systick_init - give arg types
  void systick_init();
Blinky.c(16): warning:  #1295-D: Deprecated declaration port_init - give arg types
  void port_init();
Blinky.c(17): warning:  #1295-D: Deprecated declaration InitDAC - give arg types
  void InitDAC();
Blinky.c(60): warning:  #61-D: integer operation result is out of range
        LPC_GPIO1->FIODIR  |= (1<<28)  | (1<<29)  | (1<<31);                  // P1.28, P1.29, P1.31 - OUT
Blinky.c(67): warning:  #1-D: last line of file ends without a newline
  }
Blinky.c: 8 warnings, 0 errors
linking...
Program Size: Code=4688 RO-data=560 RW-data=40 ZI-data=512  
".\Obj\Blinky.axf" - 0 Error(s), 8 Warning(s).
Load "C:\\Users\\av.naykov\\Desktop\\gusev\\7DAC\\Obj\\Blinky.axf" 
Erase Done.
Programming Done.
Verify OK.
Application running ...
 OK.
Application running ...
