<html>
<body>
<pre>
<h1>µVision Build Log</h1>
<h2>Project:</h2>
C:\Users\av.naykov\Desktop\gusev\7\Blinky.uvproj
Project File Date:  10/03/2016

<h2>Output:</h2>
Build target 'MCB1700'
linking...
.\Obj\Blinky.axf: Error: L6218E: Undefined symbol systick_init (referred from blinky.o).
Not enough information to list image symbols.
Finished: 1 information, 0 warning and 1 error messages.
".\Obj\Blinky.axf" - 1 Error(s), 0 Warning(s).
Target not created
</pre>
</body>
</html>
i, unsigned int Data);
Blinky.c(14): warning:  #1295-D: Deprecated declaration SysTick_Handler - give arg types
  void SysTick_Handler();
Blinky.c(16): warning:  #1295-D: Deprecated declaration port_init - give arg types
  void port_init();
Blinky.c(17): warning:  #1295-D: Deprecated declaration systick_init - give arg types
  void systick_init();
Blinky.c(18): warning:  #1295-D: Deprecated declaration display_line - give arg types
  void display_line();
Blinky.c(19): warning:  #1295-D: Deprecated declaration InitDAC - give arg types
  void InitDAC();
Blinky.c(66): warning:  #61-D: integer operation result is out of range
        LPC_GPIO1->FIODIR  |= (1<<28)  | (1<<29)  | (1<<31);                  // P1.28, P1.29, P1.31 - OUT
Blinky.c(84): warning:  #1-D: last line of file ends without a newline
  }
Blinky.c: 9 warnings, 0 errors
linking...
.\Obj\Blinky.axf: Error: L6218E: Undefined symbol systick_init (referred from blinky.o).
Not enough information to list image symbols.
Finished: 1 information, 0 warning and 1 error messages.
".\Obj\Blinky.axf" - 1 Error(s), 9 Warning(s).
Target not created
DAC();
Blinky.c(45): warning:  #223-D: function "sin" declared implicitly
              data = 512*sin(2*pi/step*x)+512;
Blinky.c(87): warning:  #61-D: integer operation result is out of range
        LPC_GPIO1->FIODIR  |= (1<<28)  | (1<<29)  | (1<<31);                  // P1.28, P1.29, P1.31 - OUT
Blinky.c(190): warning:  #1-D: last line of file ends without a newline
  }
Blinky.c: 15 warnings, 0 errors
linking...
Program Size: Code=6792 RO-data=5936 RW-data=76 ZI-data=516  
".\Obj\Blinky.axf" - 0 Error(s), 15 Warning(s).
ge
        LPC_GPIO1->FIODIR  |= (1<<28)  | (1<<29)  | (1<<31);                  // P1.28, P1.29, P1.31 - OUT
Blinky.c: 17 warnings, 0 errors
linking...
Program Size: Code=3584 RO-data=5788 RW-data=48 ZI-data=512  
".\Obj\Blinky.axf" - 0 Error(s), 17 Warning(s).
Load "C:\\Users\\av.naykov\\Desktop\\gusev\\7\\Obj\\Blinky.axf" 
Erase Done.
Programming Done.
Verify OK.
Application running ...
 #61-D: integer operation result is out of range
        LPC_GPIO1->FIODIR  |= (1<<28)  | (1<<29)  | (1<<31);                  // P1.28, P1.29, P1.31 - OUT
Blinky.c: 21 warnings, 0 errors
linking...
Program Size: Code=3676 RO-data=5788 RW-data=64 ZI-data=568  
".\Obj\Blinky.axf" - 0 Error(s), 21 Warning(s).
Load "C:\\Users\\av.naykov\\Desktop\\gusev\\7\\Obj\\Blinky.axf" 
Erase Done.
Programming Done.
Verify OK.
Application running ...
