<html>
<body>
<pre>
<h1>µVision Build Log</h1>
<h2>Project:</h2>
C:\Users\av.naykov\Desktop\2grafic_4astota s djoystikom\Blinky.uvproj
Project File Date:  10/03/2016

<h2>Output:</h2>
Build target 'MCB1700'
linking...
Program Size: Code=3980 RO-data=5788 RW-data=64 ZI-data=568  
".\Obj\Blinky.axf" - 0 Error(s), 0 Warning(s).
Load "C:\\Users\\av.naykov\\Desktop\\2grafic_4astota s djoystikom\\Obj\\Blinky.axf" 
Erase Done.
Programming Done.
Verify OK.
Application running ...
</pre>
</body>
</html>
