<html>
<body>
<pre>
<h1>µVision Build Log</h1>
<h2>Project:</h2>
D:\Ó÷åáà\ÂÒ_è_ÈÒ\2013\toolbar\Blinky.uvproj
Project File Date:  12/28/2013

<h2>Output:</h2>
Rebuild target 'MCB1700'
assembling startup_LPC17xx.s...
compiling system_LPC17xx.c...
compiling RTX_Conf_CM.c...
compiling Blinky.c...
LibraryDisplay.h(1): warning:  #1295-D: Deprecated declaration init_display - give arg types
LibraryDisplay.h(4): warning:  #1-D: last line of file ends without a newline
Blinky.c(48): warning:  #1-D: last line of file ends without a newline
compiling GLCD_SPI_LPC1700.c...
compiling LED.c...
compiling LibraryDisplay.c...
LibraryDisplay.c(47): warning:  #1-D: last line of file ends without a newline
linking...
Program Size: Code=3668 RO-data=5644 RW-data=20 ZI-data=516  
".\Obj\Blinky.axf" - 0 Error(s), 4 Warning(s).
Load "D:\\Ó÷åáà\\ÂÒ_è_ÈÒ\\2013\\toolbar\\Obj\\Blinky.AXF" 
Erase Done.
Programming Done.
Verify OK.
Application running ...
Rebuild target 'MCB1700'
assembling startup_LPC17xx.s...
compiling system_LPC17xx.c...
compiling RTX_Conf_CM.c...
compiling Blinky.c...
LibraryDisplay.h(1): warning:  #1295-D: Deprecated declaration init_display - give arg types
LibraryDisplay.h(4): warning:  #1-D: last line of file ends without a newline
Blinky.c(48): warning:  #1-D: last line of file ends without a newline
compiling GLCD_SPI_LPC1700.c...
compiling LibraryDisplay.c...
LibraryDisplay.c(47): warning:  #1-D: last line of file ends without a newline
linking...
Program Size: Code=3668 RO-data=5644 RW-data=20 ZI-data=516  
".\Obj\Blinky.axf" - 0 Error(s), 4 Warning(s).
Rebuild target 'MCB1700'
assembling startup_LPC17xx.s...
compiling system_LPC17xx.c...
compiling RTX_Conf_CM.c...
compiling Blinky.c...
LibraryDisplay.h(1): warning:  #1295-D: Deprecated declaration init_display - give arg types
LibraryDisplay.h(4): warning:  #1-D: last line of file ends without a newline
Blinky.c(40): error:  #127: expected a statement
Blinky.c(41): warning:  #1-D: last line of file ends without a newline
compiling GLCD_SPI_LPC1700.c...
compiling LibraryDisplay.c...
LibraryDisplay.c(47): warning:  #1-D: last line of file ends without a newline
Target not created
Rebuild target 'MCB1700'
assembling startup_LPC17xx.s...
compiling system_LPC17xx.c...
compiling RTX_Conf_CM.c...
compiling Blinky.c...
LibraryDisplay.h(1): warning:  #1295-D: Deprecated declaration init_display - give arg types
LibraryDisplay.h(4): warning:  #1-D: last line of file ends without a newline
Blinky.c(32): error:  #127: expected a statement
Blinky.c(33): warning:  #1-D: last line of file ends without a newline
compiling GLCD_SPI_LPC1700.c...
compiling LibraryDisplay.c...
LibraryDisplay.c(47): warning:  #1-D: last line of file ends without a newline
Target not created
Rebuild target 'MCB1700'
assembling startup_LPC17xx.s...
compiling system_LPC17xx.c...
compiling RTX_Conf_CM.c...
compiling Blinky.c...
LibraryDisplay.h(1): warning:  #1295-D: Deprecated declaration init_display - give arg types
LibraryDisplay.h(4): warning:  #1-D: last line of file ends without a newline
Blinky.c(34): warning:  #1-D: last line of file ends without a newline
compiling GLCD_SPI_LPC1700.c...
compiling LibraryDisplay.c...
LibraryDisplay.c(47): warning:  #1-D: last line of file ends without a newline
linking...
Program Size: Code=3632 RO-data=5644 RW-data=24 ZI-data=512  
".\Obj\Blinky.axf" - 0 Error(s), 4 Warning(s).
Load "D:\\Ó÷åáà\\ÂÒ_è_ÈÒ\\2013\\toolbar\\Obj\\Blinky.AXF" 
Erase Done.
Programming Done.
Verify OK.
Application running ...
Rebuild target 'MCB1700'
assembling startup_LPC17xx.s...
compiling system_LPC17xx.c...
compiling RTX_Conf_CM.c...
compiling Blinky.c...
LibraryDisplay.h(1): warning:  #1295-D: Deprecated declaration init_display - give arg types
LibraryDisplay.h(4): warning:  #1-D: last line of file ends without a newline
Blinky.c(34): warning:  #1-D: last line of file ends without a newline
compiling GLCD_SPI_LPC1700.c...
compiling LibraryDisplay.c...
LibraryDisplay.c(47): warning:  #1-D: last line of file ends without a newline
linking...
Program Size: Code=3632 RO-data=5644 RW-data=24 ZI-data=512  
".\Obj\Blinky.axf" - 0 Error(s), 4 Warning(s).
Load "D:\\Ó÷åáà\\ÂÒ_è_ÈÒ\\2013\\toolbar\\Obj\\Blinky.AXF" 
Erase Done.
Programming Done.
Verify OK.
Application running ...
Rebuild target 'MCB1700'
assembling startup_LPC17xx.s...
compiling system_LPC17xx.c...
compiling RTX_Conf_CM.c...
compiling Blinky.c...
LibraryDisplay.h(1): warning:  #1295-D: Deprecated declaration init_display - give arg types
LibraryDisplay.h(4): warning:  #1-D: last line of file ends without a newline
Blinky.c(36): warning:  #1-D: last line of file ends without a newline
compiling GLCD_SPI_LPC1700.c...
compiling LibraryDisplay.c...
LibraryDisplay.c(47): warning:  #1-D: last line of file ends without a newline
linking...
Program Size: Code=3632 RO-data=5644 RW-data=24 ZI-data=512  
".\Obj\Blinky.axf" - 0 Error(s), 4 Warning(s).
Load "D:\\Ó÷åáà\\ÂÒ_è_ÈÒ\\2013\\toolbar\\Obj\\Blinky.AXF" 
Erase Done.
Programming Done.
Verify OK.
Application running ...
Rebuild target 'MCB1700'
assembling startup_LPC17xx.s...
compiling system_LPC17xx.c...
compiling RTX_Conf_CM.c...
compiling Blinky.c...
LibraryDisplay.h(1): warning:  #1295-D: Deprecated declaration init_display - give arg types
LibraryDisplay.h(4): warning:  #1-D: last line of file ends without a newline
Blinky.c(12): warning:  #550-D: variable "w" was set but never used
Blinky.c(36): warning:  #1-D: last line of file ends without a newline
compiling GLCD_SPI_LPC1700.c...
compiling LibraryDisplay.c...
LibraryDisplay.c(47): warning:  #1-D: last line of file ends without a newline
linking...
Program Size: Code=2992 RO-data=5688 RW-data=24 ZI-data=512  
".\Obj\Blinky.axf" - 0 Error(s), 5 Warning(s).
Load "D:\\Ó÷åáà\\ÂÒ_è_ÈÒ\\2013\\toolbar\\Obj\\Blinky.AXF" 
Erase Done.
Programming Done.
Verify OK.
Application running ...
Rebuild target 'MCB1700'
assembling startup_LPC17xx.s...
compiling system_LPC17xx.c...
compiling RTX_Conf_CM.c...
compiling Blinky.c...
LibraryDisplay.h(1): warning:  #1295-D: Deprecated declaration init_display - give arg types
LibraryDisplay.h(4): warning:  #1-D: last line of file ends without a newline
Blinky.c(12): warning:  #550-D: variable "w" was set but never used
Blinky.c(38): warning:  #1-D: last line of file ends without a newline
compiling GLCD_SPI_LPC1700.c...
compiling LibraryDisplay.c...
LibraryDisplay.c(47): warning:  #1-D: last line of file ends without a newline
linking...
Program Size: Code=3016 RO-data=5664 RW-data=24 ZI-data=512  
".\Obj\Blinky.axf" - 0 Error(s), 5 Warning(s).
Load "D:\\Ó÷åáà\\ÂÒ_è_ÈÒ\\2013\\toolbar\\Obj\\Blinky.AXF" 
Erase Done.
Programming Done.
Verify OK.
Application running ...
Rebuild target 'MCB1700'
assembling startup_LPC17xx.s...
compiling system_LPC17xx.c...
compiling RTX_Conf_CM.c...
compiling Blinky.c...
LibraryDisplay.h(1): warning:  #1295-D: Deprecated declaration init_display - give arg types
LibraryDisplay.h(4): warning:  #1-D: last line of file ends without a newline
Blinky.c(12): warning:  #550-D: variable "w" was set but never used
Blinky.c(38): warning:  #1-D: last line of file ends without a newline
compiling GLCD_SPI_LPC1700.c...
compiling LibraryDisplay.c...
LibraryDisplay.c(47): warning:  #1-D: last line of file ends without a newline
linking...
Program Size: Code=3012 RO-data=5668 RW-data=24 ZI-data=512  
".\Obj\Blinky.axf" - 0 Error(s), 5 Warning(s).
Load "D:\\Ó÷åáà\\ÂÒ_è_ÈÒ\\2013\\toolbar\\Obj\\Blinky.AXF" 
Erase Done.
Programming Done.
Verify OK.
Application running ...
Rebuild target 'MCB1700'
assembling startup_LPC17xx.s...
compiling system_LPC17xx.c...
compiling RTX_Conf_CM.c...
compiling Blinky.c...
LibraryDisplay.h(1): warning:  #1295-D: Deprecated declaration init_display - give arg types
LibraryDisplay.h(4): warning:  #1-D: last line of file ends without a newline
Blinky.c(28): error:  #167: argument of type "int" is incompatible with parameter of type "unsigned char *"
Blinky.c(28): error:  #140: too many arguments in function call
Blinky.c(29): error:  #167: argument of type "int" is incompatible with parameter of type "unsigned char *"
Blinky.c(29): error:  #140: too many arguments in function call
Blinky.c(31): error:  #167: argument of type "int" is incompatible with parameter of type "unsigned char *"
Blinky.c(31): error:  #140: too many arguments in function call
Blinky.c(32): error:  #167: argument of type "int" is incompatible with parameter of type "unsigned char *"
Blinky.c(32): error:  #140: too many arguments in function call
Blinky.c(33): error:  #167: argument of type "int" is incompatible with parameter of type "unsigned char *"
Blinky.c(33): error:  #140: too many arguments in function call
Blinky.c(34): error:  #167: argument of type "int" is incompatible with parameter of type "unsigned char *"
Blinky.c(34): error:  #140: too many arguments in function call
Blinky.c(12): warning:  #550-D: variable "w" was set but never used
Blinky.c(52): warning:  #1-D: last line of file ends without a newline
compiling GLCD_SPI_LPC1700.c...
compiling LibraryDisplay.c...
LibraryDisplay.c(47): warning:  #1-D: last line of file ends without a newline
Target not created
Rebuild target 'MCB1700'
assembling startup_LPC17xx.s...
compiling system_LPC17xx.c...
compiling RTX_Conf_CM.c...
compiling Blinky.c...
LibraryDisplay.h(1): warning:  #1295-D: Deprecated declaration init_display - give arg types
LibraryDisplay.h(4): warning:  #1-D: last line of file ends without a newline
Blinky.c(12): warning:  #550-D: variable "w" was set but never used
Blinky.c(52): warning:  #1-D: last line of file ends without a newline
compiling GLCD_SPI_LPC1700.c...
compiling LibraryDisplay.c...
LibraryDisplay.c(47): warning:  #1-D: last line of file ends without a newline
linking...
Program Size: Code=3192 RO-data=5712 RW-data=24 ZI-data=512  
".\Obj\Blinky.axf" - 0 Error(s), 5 Warning(s).
Load "D:\\Ó÷åáà\\ÂÒ_è_ÈÒ\\2013\\toolbar\\Obj\\Blinky.AXF" 
Erase Done.
Programming Done.
Verify OK.
Application running ...
Rebuild target 'MCB1700'
assembling startup_LPC17xx.s...
compiling system_LPC17xx.c...
compiling RTX_Conf_CM.c...
compiling Blinky.c...
LibraryDisplay.h(1): warning:  #1295-D: Deprecated declaration init_display - give arg types
LibraryDisplay.h(4): warning:  #1-D: last line of file ends without a newline
Blinky.c(12): warning:  #550-D: variable "w" was set but never used
Blinky.c(52): warning:  #1-D: last line of file ends without a newline
compiling GLCD_SPI_LPC1700.c...
compiling LibraryDisplay.c...
LibraryDisplay.c(46): warning:  #167-D: argument of type "char *" is incompatible with parameter of type "unsigned char *"
LibraryDisplay.c(47): warning:  #1-D: last line of file ends without a newline
linking...
Program Size: Code=3202 RO-data=5714 RW-data=24 ZI-data=512  
".\Obj\Blinky.axf" - 0 Error(s), 6 Warning(s).
Load "D:\\Ó÷åáà\\ÂÒ_è_ÈÒ\\2013\\toolbar\\Obj\\Blinky.AXF" 
Erase Done.
Programming Done.
Verify OK.
Application running ...
Rebuild target 'MCB1700'
assembling startup_LPC17xx.s...
compiling system_LPC17xx.c...
compiling RTX_Conf_CM.c...
compiling Blinky.c...
LibraryDisplay.h(1): warning:  #1295-D: Deprecated declaration init_display - give arg types
LibraryDisplay.h(4): warning:  #1-D: last line of file ends without a newline
Blinky.c(47): warning:  #1-D: last line of file ends without a newline
compiling GLCD_SPI_LPC1700.c...
compiling LibraryDisplay.c...
LibraryDisplay.c(46): warning:  #167-D: argument of type "char *" is incompatible with parameter of type "unsigned char *"
LibraryDisplay.c(47): warning:  #1-D: last line of file ends without a newline
linking...
Program Size: Code=3744 RO-data=5644 RW-data=24 ZI-data=512  
".\Obj\Blinky.axf" - 0 Error(s), 5 Warning(s).
Load "D:\\Ó÷åáà\\ÂÒ_è_ÈÒ\\2013\\toolbar\\Obj\\Blinky.AXF" 
Erase Done.
Programming Done.
Verify OK.
Application running ...
Rebuild target 'MCB1700'
assembling startup_LPC17xx.s...
compiling system_LPC17xx.c...
compiling RTX_Conf_CM.c...
compiling Blinky.c...
LibraryDisplay.h(1): warning:  #1295-D: Deprecated declaration init_display - give arg types
LibraryDisplay.h(4): warning:  #1-D: last line of file ends without a newline
Blinky.c(47): warning:  #1-D: last line of file ends without a newline
compiling GLCD_SPI_LPC1700.c...
compiling LibraryDisplay.c...
LibraryDisplay.c(46): warning:  #167-D: argument of type "char *" is incompatible with parameter of type "unsigned char *"
LibraryDisplay.c(47): warning:  #1-D: last line of file ends without a newline
linking...
Program Size: Code=3744 RO-data=5644 RW-data=24 ZI-data=512  
".\Obj\Blinky.axf" - 0 Error(s), 5 Warning(s).
Load "D:\\Ó÷åáà\\ÂÒ_è_ÈÒ\\2013\\toolbar\\Obj\\Blinky.AXF" 
Erase Done.
Programming Done.
Verify OK.
Application running ...
Rebuild target 'MCB1700'
assembling startup_LPC17xx.s...
compiling system_LPC17xx.c...
compiling RTX_Conf_CM.c...
compiling Blinky.c...
LibraryDisplay.h(1): warning:  #1295-D: Deprecated declaration init_display - give arg types
LibraryDisplay.h(4): warning:  #1-D: last line of file ends without a newline
Blinky.c(47): warning:  #1-D: last line of file ends without a newline
compiling GLCD_SPI_LPC1700.c...
compiling LibraryDisplay.c...
LibraryDisplay.c(46): warning:  #167-D: argument of type "char *" is incompatible with parameter of type "unsigned char *"
LibraryDisplay.c(47): warning:  #1-D: last line of file ends without a newline
linking...
Program Size: Code=3744 RO-data=5644 RW-data=24 ZI-data=512  
".\Obj\Blinky.axf" - 0 Error(s), 5 Warning(s).
Load "D:\\Ó÷åáà\\ÂÒ_è_ÈÒ\\2013\\toolbar\\Obj\\Blinky.AXF" 
Erase Done.
Programming Done.
Verify OK.
Application running ...
