ARM Linker, 5.03 [Build 76] [MDK-ARM Lite]

==============================================================================

Section Cross References

    startup_lpc17xx.o(RESET) refers to startup_lpc17xx.o(STACK) for __initial_sp
    startup_lpc17xx.o(RESET) refers to startup_lpc17xx.o(.text) for Reset_Handler
    startup_lpc17xx.o(RESET) refers to blinky.o(.text) for SysTick_Handler
    startup_lpc17xx.o(.text) refers to entry.o(.ARM.Collect$$$$00000000) for __main
    system_lpc17xx.o(.text) refers to system_lpc17xx.o(.data) for SystemFrequency
    blinky.o(.text) refers to glcd_spi_lpc1700.o(.text) for GLCD_Bargraph
    blinky.o(.text) refers to system_lpc17xx.o(.text) for SystemInit
    blinky.o(.text) refers to librarydisplay.o(.text) for init_display
    blinky.o(.text) refers to blinky.o(.data) for i0
    blinky.o(.text) refers to blinky.o(.bss) for zmeya
    glcd_spi_lpc1700.o(.text) refers to glcd_spi_lpc1700.o(.data) for driverCode
    glcd_spi_lpc1700.o(.text) refers to glcd_spi_lpc1700.o(.constdata) for Font_24x16
    librarydisplay.o(.text) refers to glcd_spi_lpc1700.o(.text) for GLCD_Init
    entry.o(.ARM.Collect$$$$00000000) refers (Special) to entry10a.o(.ARM.Collect$$$$0000000D) for __rt_final_cpp
    entry.o(.ARM.Collect$$$$00000000) refers (Special) to entry11a.o(.ARM.Collect$$$$0000000F) for __rt_final_exit
    entry.o(.ARM.Collect$$$$00000000) refers (Special) to entry7b.o(.ARM.Collect$$$$00000008) for _main_clock
    entry.o(.ARM.Collect$$$$00000000) refers (Special) to entry8b.o(.ARM.Collect$$$$0000000A) for _main_cpp_init
    entry.o(.ARM.Collect$$$$00000000) refers (Special) to entry9a.o(.ARM.Collect$$$$0000000B) for _main_init
    entry.o(.ARM.Collect$$$$00000000) refers (Special) to entry5.o(.ARM.Collect$$$$00000004) for _main_scatterload
    entry.o(.ARM.Collect$$$$00000000) refers (Special) to entry2.o(.ARM.Collect$$$$00000001) for _main_stk
    entry2.o(.ARM.Collect$$$$00000001) refers to entry2.o(.ARM.Collect$$$$00002712) for __lit__00000000
    entry2.o(.ARM.Collect$$$$00002712) refers to startup_lpc17xx.o(STACK) for __initial_sp
    entry2.o(__vectab_stack_and_reset_area) refers to startup_lpc17xx.o(STACK) for __initial_sp
    entry2.o(__vectab_stack_and_reset_area) refers to entry.o(.ARM.Collect$$$$00000000) for __main
    entry5.o(.ARM.Collect$$$$00000004) refers to init.o(.text) for __scatterload
    entry9a.o(.ARM.Collect$$$$0000000B) refers to blinky.o(.text) for main
    entry9b.o(.ARM.Collect$$$$0000000C) refers to blinky.o(.text) for main
    init.o(.text) refers to entry5.o(.ARM.Collect$$$$00000004) for __main_after_scatterload


==============================================================================

Removing Unused input sections from the image.

    Removing startup_lpc17xx.o(HEAP), (0 bytes).
    Removing system_lpc17xx.o(.rev16_text), (4 bytes).
    Removing system_lpc17xx.o(.revsh_text), (4 bytes).
    Removing rtx_conf_cm.o(.text), (10 bytes).
    Removing rtx_conf_cm.o(.bss), (2184 bytes).
    Removing rtx_conf_cm.o(.data), (4 bytes).
    Removing blinky.o(.rev16_text), (4 bytes).
    Removing blinky.o(.revsh_text), (4 bytes).
    Removing glcd_spi_lpc1700.o(.rev16_text), (4 bytes).
    Removing glcd_spi_lpc1700.o(.revsh_text), (4 bytes).
    Removing librarydisplay.o(.rev16_text), (4 bytes).
    Removing librarydisplay.o(.revsh_text), (4 bytes).

12 unused section(s) (total 2230 bytes) removed from the image.

==============================================================================

Image Symbol Table

    Local Symbols

    Symbol Name                              Value     Ov Type        Size  Object(Section)

    RESET                                    0x00000000   Section      196  startup_lpc17xx.o(RESET)
    ../clib/microlib/init/entry.s            0x00000000   Number         0  entry5.o ABSOLUTE
    ../clib/microlib/init/entry.s            0x00000000   Number         0  entry.o ABSOLUTE
    ../clib/microlib/init/entry.s            0x00000000   Number         0  entry11a.o ABSOLUTE
    ../clib/microlib/init/entry.s            0x00000000   Number         0  entry10b.o ABSOLUTE
    ../clib/microlib/init/entry.s            0x00000000   Number         0  entry10a.o ABSOLUTE
    ../clib/microlib/init/entry.s            0x00000000   Number         0  entry9b.o ABSOLUTE
    ../clib/microlib/init/entry.s            0x00000000   Number         0  entry11b.o ABSOLUTE
    ../clib/microlib/init/entry.s            0x00000000   Number         0  entry9a.o ABSOLUTE
    ../clib/microlib/init/entry.s            0x00000000   Number         0  entry8b.o ABSOLUTE
    ../clib/microlib/init/entry.s            0x00000000   Number         0  entry8a.o ABSOLUTE
    ../clib/microlib/init/entry.s            0x00000000   Number         0  entry2.o ABSOLUTE
    ../clib/microlib/init/entry.s            0x00000000   Number         0  entry7b.o ABSOLUTE
    ../clib/microlib/init/entry.s            0x00000000   Number         0  entry7a.o ABSOLUTE
    Blinky.c                                 0x00000000   Number         0  blinky.o ABSOLUTE
    Blinky.c                                 0x00000000   Number         0  blinky.o ABSOLUTE
    GLCD_SPI_LPC1700.c                       0x00000000   Number         0  glcd_spi_lpc1700.o ABSOLUTE
    GLCD_SPI_LPC1700.c                       0x00000000   Number         0  glcd_spi_lpc1700.o ABSOLUTE
    LibraryDisplay.c                         0x00000000   Number         0  librarydisplay.o ABSOLUTE
    LibraryDisplay.c                         0x00000000   Number         0  librarydisplay.o ABSOLUTE
    RTX_Conf_CM.c                            0x00000000   Number         0  rtx_conf_cm.o ABSOLUTE
    dc.s                                     0x00000000   Number         0  dc.o ABSOLUTE
    handlers.s                               0x00000000   Number         0  handlers.o ABSOLUTE
    init.s                                   0x00000000   Number         0  init.o ABSOLUTE
    startup_LPC17xx.s                        0x00000000   Number         0  startup_lpc17xx.o ABSOLUTE
    system_LPC17xx.c                         0x00000000   Number         0  system_lpc17xx.o ABSOLUTE
    system_LPC17xx.c                         0x00000000   Number         0  system_lpc17xx.o ABSOLUTE
    .ARM.Collect$$$$00000000                 0x000000c4   Section        0  entry.o(.ARM.Collect$$$$00000000)
    .ARM.Collect$$$$00000001                 0x000000c4   Section        4  entry2.o(.ARM.Collect$$$$00000001)
    .ARM.Collect$$$$00000004                 0x000000c8   Section        4  entry5.o(.ARM.Collect$$$$00000004)
    .ARM.Collect$$$$00000008                 0x000000cc   Section        0  entry7b.o(.ARM.Collect$$$$00000008)
    .ARM.Collect$$$$0000000A                 0x000000cc   Section        0  entry8b.o(.ARM.Collect$$$$0000000A)
    .ARM.Collect$$$$0000000B                 0x000000cc   Section        8  entry9a.o(.ARM.Collect$$$$0000000B)
    .ARM.Collect$$$$0000000D                 0x000000d4   Section        0  entry10a.o(.ARM.Collect$$$$0000000D)
    .ARM.Collect$$$$0000000F                 0x000000d4   Section        0  entry11a.o(.ARM.Collect$$$$0000000F)
    .ARM.Collect$$$$00002712                 0x000000d4   Section        4  entry2.o(.ARM.Collect$$$$00002712)
    __lit__00000000                          0x000000d4   Data           4  entry2.o(.ARM.Collect$$$$00002712)
    .text                                    0x000000d8   Section       28  startup_lpc17xx.o(.text)
    .text                                    0x000000f4   Section        0  librarydisplay.o(.text)
    .text                                    0x000001e0   Section       36  init.o(.text)
    i.__scatterload_copy                     0x00000204   Section       14  handlers.o(i.__scatterload_copy)
    i.__scatterload_null                     0x00000212   Section        2  handlers.o(i.__scatterload_null)
    i.__scatterload_zeroinit                 0x00000214   Section       14  handlers.o(i.__scatterload_zeroinit)
    .constdata                               0x00000224   Section       40  rtx_conf_cm.o(.constdata)
    __tagsym$$used                           0x00000238   Number         0  rtx_conf_cm.o(.constdata)
    __tagsym$$used                           0x0000023c   Number         0  rtx_conf_cm.o(.constdata)
    .ARM.__at_0x02FC                         0x000002fc   Section        4  startup_lpc17xx.o(.ARM.__at_0x02FC)
    .text                                    0x00000300   Section        0  system_lpc17xx.o(.text)
    .text                                    0x00000514   Section        0  blinky.o(.text)
    .text                                    0x00000b68   Section        0  glcd_spi_lpc1700.o(.text)
    delay                                    0x00000b69   Thumb Code    14  glcd_spi_lpc1700.o(.text)
    wr_cmd                                   0x00000b77   Thumb Code    36  glcd_spi_lpc1700.o(.text)
    wr_dat                                   0x00000b9b   Thumb Code    36  glcd_spi_lpc1700.o(.text)
    rd_reg                                   0x00000bbf   Thumb Code    66  glcd_spi_lpc1700.o(.text)
    spi_send                                 0x000012b7   Thumb Code    26  glcd_spi_lpc1700.o(.text)
    wr_dat_start                             0x000012d1   Thumb Code    16  glcd_spi_lpc1700.o(.text)
    wr_dat_stop                              0x000012e1   Thumb Code     8  glcd_spi_lpc1700.o(.text)
    wr_dat_only                              0x000012e9   Thumb Code    18  glcd_spi_lpc1700.o(.text)
    wr_reg                                   0x000012fb   Thumb Code    20  glcd_spi_lpc1700.o(.text)
    .constdata                               0x0000133c   Section     5376  glcd_spi_lpc1700.o(.constdata)
    .data                                    0x10000000   Section        4  system_lpc17xx.o(.data)
    .data                                    0x10000004   Section       72  blinky.o(.data)
    .data                                    0x1000004c   Section        6  glcd_spi_lpc1700.o(.data)
    TextColor                                0x1000004c   Data           2  glcd_spi_lpc1700.o(.data)
    BackColor                                0x1000004e   Data           2  glcd_spi_lpc1700.o(.data)
    driverCode                               0x10000050   Data           2  glcd_spi_lpc1700.o(.data)
    .bss                                     0x10000054   Section     8228  blinky.o(.bss)
    STACK                                    0x10002078   Section      512  startup_lpc17xx.o(STACK)

    Global Symbols

    Symbol Name                              Value     Ov Type        Size  Object(Section)

    BuildAttributes$$THM_ISAv4$P$D$K$B$S$PE$A:L22UL41UL21$X:L11$S22US41US21$IEEE1$IW$USESV6$~STKCKD$USESV7$~SHL$OSPACE$EBA8$MICROLIB$REQ8$PRES8$EABIv2 0x00000000   Number         0  anon$$obj.o ABSOLUTE
    __ARM_use_no_argv                        0x00000000   Number         0  blinky.o ABSOLUTE
    __Vectors                                0x00000000   Data           4  startup_lpc17xx.o(RESET)
    __cpp_initialize__aeabi_                  - Undefined Weak Reference
    __cxa_finalize                            - Undefined Weak Reference
    __decompress                              - Undefined Weak Reference
    _clock_init                               - Undefined Weak Reference
    _microlib_exit                            - Undefined Weak Reference
    __main                                   0x000000c5   Thumb Code     0  entry.o(.ARM.Collect$$$$00000000)
    _main_stk                                0x000000c5   Thumb Code     0  entry2.o(.ARM.Collect$$$$00000001)
    _main_scatterload                        0x000000c9   Thumb Code     0  entry5.o(.ARM.Collect$$$$00000004)
    __main_after_scatterload                 0x000000cd   Thumb Code     0  entry5.o(.ARM.Collect$$$$00000004)
    _main_clock                              0x000000cd   Thumb Code     0  entry7b.o(.ARM.Collect$$$$00000008)
    _main_cpp_init                           0x000000cd   Thumb Code     0  entry8b.o(.ARM.Collect$$$$0000000A)
    _main_init                               0x000000cd   Thumb Code     0  entry9a.o(.ARM.Collect$$$$0000000B)
    __rt_final_cpp                           0x000000d5   Thumb Code     0  entry10a.o(.ARM.Collect$$$$0000000D)
    __rt_final_exit                          0x000000d5   Thumb Code     0  entry11a.o(.ARM.Collect$$$$0000000F)
    Reset_Handler                            0x000000d9   Thumb Code     4  startup_lpc17xx.o(.text)
    NMI_Handler                              0x000000dd   Thumb Code     2  startup_lpc17xx.o(.text)
    HardFault_Handler                        0x000000df   Thumb Code     2  startup_lpc17xx.o(.text)
    MemManage_Handler                        0x000000e1   Thumb Code     2  startup_lpc17xx.o(.text)
    BusFault_Handler                         0x000000e3   Thumb Code     2  startup_lpc17xx.o(.text)
    UsageFault_Handler                       0x000000e5   Thumb Code     2  startup_lpc17xx.o(.text)
    SVC_Handler                              0x000000e7   Thumb Code     2  startup_lpc17xx.o(.text)
    DebugMon_Handler                         0x000000e9   Thumb Code     2  startup_lpc17xx.o(.text)
    PendSV_Handler                           0x000000eb   Thumb Code     2  startup_lpc17xx.o(.text)
    ADC_IRQHandler                           0x000000ef   Thumb Code     0  startup_lpc17xx.o(.text)
    BOD_IRQHandler                           0x000000ef   Thumb Code     0  startup_lpc17xx.o(.text)
    CAN_IRQHandler                           0x000000ef   Thumb Code     0  startup_lpc17xx.o(.text)
    DMA_IRQHandler                           0x000000ef   Thumb Code     0  startup_lpc17xx.o(.text)
    EINT0_IRQHandler                         0x000000ef   Thumb Code     0  startup_lpc17xx.o(.text)
    EINT1_IRQHandler                         0x000000ef   Thumb Code     0  startup_lpc17xx.o(.text)
    EINT2_IRQHandler                         0x000000ef   Thumb Code     0  startup_lpc17xx.o(.text)
    EINT3_IRQHandler                         0x000000ef   Thumb Code     0  startup_lpc17xx.o(.text)
    ENET_IRQHandler                          0x000000ef   Thumb Code     0  startup_lpc17xx.o(.text)
    I2C0_IRQHandler                          0x000000ef   Thumb Code     0  startup_lpc17xx.o(.text)
    I2C1_IRQHandler                          0x000000ef   Thumb Code     0  startup_lpc17xx.o(.text)
    I2C2_IRQHandler                          0x000000ef   Thumb Code     0  startup_lpc17xx.o(.text)
    I2S_IRQHandler                           0x000000ef   Thumb Code     0  startup_lpc17xx.o(.text)
    MCPWM_IRQHandler                         0x000000ef   Thumb Code     0  startup_lpc17xx.o(.text)
    PLL0_IRQHandler                          0x000000ef   Thumb Code     0  startup_lpc17xx.o(.text)
    PLL1_IRQHandler                          0x000000ef   Thumb Code     0  startup_lpc17xx.o(.text)
    PWM1_IRQHandler                          0x000000ef   Thumb Code     0  startup_lpc17xx.o(.text)
    QEI_IRQHandler                           0x000000ef   Thumb Code     0  startup_lpc17xx.o(.text)
    RIT_IRQHandler                           0x000000ef   Thumb Code     0  startup_lpc17xx.o(.text)
    RTC_IRQHandler                           0x000000ef   Thumb Code     0  startup_lpc17xx.o(.text)
    SPI_IRQHandler                           0x000000ef   Thumb Code     0  startup_lpc17xx.o(.text)
    SSP0_IRQHandler                          0x000000ef   Thumb Code     0  startup_lpc17xx.o(.text)
    SSP1_IRQHandler                          0x000000ef   Thumb Code     0  startup_lpc17xx.o(.text)
    TIMER0_IRQHandler                        0x000000ef   Thumb Code     0  startup_lpc17xx.o(.text)
    TIMER1_IRQHandler                        0x000000ef   Thumb Code     0  startup_lpc17xx.o(.text)
    TIMER2_IRQHandler                        0x000000ef   Thumb Code     0  startup_lpc17xx.o(.text)
    TIMER3_IRQHandler                        0x000000ef   Thumb Code     0  startup_lpc17xx.o(.text)
    UART0_IRQHandler                         0x000000ef   Thumb Code     0  startup_lpc17xx.o(.text)
    UART1_IRQHandler                         0x000000ef   Thumb Code     0  startup_lpc17xx.o(.text)
    UART2_IRQHandler                         0x000000ef   Thumb Code     0  startup_lpc17xx.o(.text)
    UART3_IRQHandler                         0x000000ef   Thumb Code     0  startup_lpc17xx.o(.text)
    USB_IRQHandler                           0x000000ef   Thumb Code     0  startup_lpc17xx.o(.text)
    WDT_IRQHandler                           0x000000ef   Thumb Code     0  startup_lpc17xx.o(.text)
    init_display                             0x000000f5   Thumb Code    22  librarydisplay.o(.text)
    Convert                                  0x0000010b   Thumb Code    90  librarydisplay.o(.text)
    PreparDispl                              0x00000165   Thumb Code    72  librarydisplay.o(.text)
    GLCD_DisplayU32                          0x000001ad   Thumb Code    50  librarydisplay.o(.text)
    __scatterload                            0x000001e1   Thumb Code    28  init.o(.text)
    __scatterload_rt2                        0x000001e1   Thumb Code     0  init.o(.text)
    __scatterload_copy                       0x00000205   Thumb Code    14  handlers.o(i.__scatterload_copy)
    __scatterload_null                       0x00000213   Thumb Code     2  handlers.o(i.__scatterload_null)
    __scatterload_zeroinit                   0x00000215   Thumb Code    14  handlers.o(i.__scatterload_zeroinit)
    os_maxtaskrun                            0x00000224   Data           2  rtx_conf_cm.o(.constdata)
    os_stackinfo                             0x00000228   Data           4  rtx_conf_cm.o(.constdata)
    os_rrobin                                0x0000022c   Data           4  rtx_conf_cm.o(.constdata)
    os_trv                                   0x00000230   Data           4  rtx_conf_cm.o(.constdata)
    os_flags                                 0x00000234   Data           1  rtx_conf_cm.o(.constdata)
    os_clockrate                             0x00000238   Data           4  rtx_conf_cm.o(.constdata)
    os_timernum                              0x0000023c   Data           4  rtx_conf_cm.o(.constdata)
    mp_tcb_size                              0x00000240   Data           2  rtx_conf_cm.o(.constdata)
    mp_stk_size                              0x00000244   Data           4  rtx_conf_cm.o(.constdata)
    os_fifo_size                             0x00000248   Data           1  rtx_conf_cm.o(.constdata)
    mp_tmr_size                              0x0000024a   Data           2  rtx_conf_cm.o(.constdata)
    Region$$Table$$Base                      0x0000024c   Number         0  anon$$obj.o(Region$$Table)
    Region$$Table$$Limit                     0x0000026c   Number         0  anon$$obj.o(Region$$Table)
    SystemInit                               0x00000301   Thumb Code   466  system_lpc17xx.o(.text)
    delay                                    0x00000515   Thumb Code    28  blinky.o(.text)
    coord_init                               0x00000531   Thumb Code    84  blinky.o(.text)
    display_line                             0x00000585   Thumb Code    90  blinky.o(.text)
    game_over                                0x000005df   Thumb Code    48  blinky.o(.text)
    init_ShIM                                0x0000060f   Thumb Code    56  blinky.o(.text)
    display_color                            0x00000647   Thumb Code    10  blinky.o(.text)
    InitADC                                  0x00000651   Thumb Code    16  blinky.o(.text)
    systick_init                             0x00000661   Thumb Code    18  blinky.o(.text)
    port_init                                0x00000673   Thumb Code    58  blinky.o(.text)
    main                                     0x000006ad   Thumb Code   940  blinky.o(.text)
    vector_set                               0x00000a59   Thumb Code    80  blinky.o(.text)
    SysTick_Handler                          0x00000aa9   Thumb Code   132  blinky.o(.text)
    GLCD_Init                                0x00000c01   Thumb Code   844  glcd_spi_lpc1700.o(.text)
    GLCD_WindowMax                           0x00000f4d   Thumb Code    72  glcd_spi_lpc1700.o(.text)
    GLCD_PutPixel                            0x00000f95   Thumb Code    44  glcd_spi_lpc1700.o(.text)
    GLCD_SetTextColor                        0x00000fc1   Thumb Code     6  glcd_spi_lpc1700.o(.text)
    GLCD_SetBackColor                        0x00000fc7   Thumb Code     6  glcd_spi_lpc1700.o(.text)
    GLCD_Clear                               0x00000fcd   Thumb Code    58  glcd_spi_lpc1700.o(.text)
    GLCD_DrawChar                            0x00001007   Thumb Code   148  glcd_spi_lpc1700.o(.text)
    GLCD_DisplayChar                         0x0000109b   Thumb Code    42  glcd_spi_lpc1700.o(.text)
    GLCD_DisplayString                       0x000010c5   Thumb Code    36  glcd_spi_lpc1700.o(.text)
    GLCD_ClearLn                             0x000010e9   Thumb Code    20  glcd_spi_lpc1700.o(.text)
    GLCD_Bargraph                            0x000010fd   Thumb Code   150  glcd_spi_lpc1700.o(.text)
    GLCD_Bitmap                              0x00001193   Thumb Code   148  glcd_spi_lpc1700.o(.text)
    GLCD_Bmp                                 0x00001227   Thumb Code   144  glcd_spi_lpc1700.o(.text)
    Font_24x16                               0x0000133c   Data        5376  glcd_spi_lpc1700.o(.constdata)
    SystemFrequency                          0x10000000   Data           4  system_lpc17xx.o(.data)
    tick                                     0x10000004   Data           4  blinky.o(.data)
    i                                        0x10000008   Data           4  blinky.o(.data)
    timing                                   0x1000000c   Data           4  blinky.o(.data)
    led                                      0x10000010   Data           4  blinky.o(.data)
    hody                                     0x10000014   Data           4  blinky.o(.data)
    vector                                   0x10000018   Data           1  blinky.o(.data)
    i0                                       0x1000001c   Data           4  blinky.o(.data)
    djostic                                  0x10000020   Data           4  blinky.o(.data)
    button                                   0x10000024   Data           4  blinky.o(.data)
    value                                    0x10000028   Data           4  blinky.o(.data)
    step                                     0x1000002c   Data           4  blinky.o(.data)
    score                                    0x10000030   Data           4  blinky.o(.data)
    zmeyaDel                                 0x10000034   Data           8  blinky.o(.data)
    eda                                      0x1000003c   Data           8  blinky.o(.data)
    rand                                     0x10000044   Data           8  blinky.o(.data)
    A                                        0x10000054   Data          32  blinky.o(.bss)
    zmeya                                    0x10000074   Data        8196  blinky.o(.bss)
    __initial_sp                             0x10002278   Data           0  startup_lpc17xx.o(STACK)



==============================================================================

Memory Map of the image

  Image Entry point : 0x000000c5

  Load Region LR_IROM1 (Base: 0x00000000, Size: 0x00002890, Max: 0x00080000, ABSOLUTE)

    Execution Region ER_IROM1 (Base: 0x00000000, Size: 0x0000283c, Max: 0x00080000, ABSOLUTE)

    Base Addr    Size         Type   Attr      Idx    E Section Name        Object

    0x00000000   0x000000c4   Data   RO            3    RESET               startup_lpc17xx.o
    0x000000c4   0x00000000   Code   RO          171  * .ARM.Collect$$$$00000000  mc_w.l(entry.o)
    0x000000c4   0x00000004   Code   RO          174    .ARM.Collect$$$$00000001  mc_w.l(entry2.o)
    0x000000c8   0x00000004   Code   RO          177    .ARM.Collect$$$$00000004  mc_w.l(entry5.o)
    0x000000cc   0x00000000   Code   RO          179    .ARM.Collect$$$$00000008  mc_w.l(entry7b.o)
    0x000000cc   0x00000000   Code   RO          181    .ARM.Collect$$$$0000000A  mc_w.l(entry8b.o)
    0x000000cc   0x00000008   Code   RO          182    .ARM.Collect$$$$0000000B  mc_w.l(entry9a.o)
    0x000000d4   0x00000000   Code   RO          184    .ARM.Collect$$$$0000000D  mc_w.l(entry10a.o)
    0x000000d4   0x00000000   Code   RO          186    .ARM.Collect$$$$0000000F  mc_w.l(entry11a.o)
    0x000000d4   0x00000004   Code   RO          175    .ARM.Collect$$$$00002712  mc_w.l(entry2.o)
    0x000000d8   0x0000001c   Code   RO            5    .text               startup_lpc17xx.o
    0x000000f4   0x000000ea   Code   RO          153    .text               librarydisplay.o
    0x000001de   0x00000002   PAD
    0x000001e0   0x00000024   Code   RO          188    .text               mc_w.l(init.o)
    0x00000204   0x0000000e   Code   RO          192    i.__scatterload_copy  mc_w.l(handlers.o)
    0x00000212   0x00000002   Code   RO          193    i.__scatterload_null  mc_w.l(handlers.o)
    0x00000214   0x0000000e   Code   RO          194    i.__scatterload_zeroinit  mc_w.l(handlers.o)
    0x00000222   0x00000002   PAD
    0x00000224   0x00000028   Data   RO           59    .constdata          rtx_conf_cm.o
    0x0000024c   0x00000020   Data   RO          190    Region$$Table       anon$$obj.o
    0x0000026c   0x00000090   PAD
    0x000002fc   0x00000004   Code   RO            4    .ARM.__at_0x02FC    startup_lpc17xx.o
    0x00000300   0x00000214   Code   RO           15    .text               system_lpc17xx.o
    0x00000514   0x00000654   Code   RO           82    .text               blinky.o
    0x00000b68   0x000007d4   Code   RO          116    .text               glcd_spi_lpc1700.o
    0x0000133c   0x00001500   Data   RO          117    .constdata          glcd_spi_lpc1700.o


    Execution Region RW_IRAM1 (Base: 0x10000000, Size: 0x00002278, Max: 0x00008000, ABSOLUTE)

    Base Addr    Size         Type   Attr      Idx    E Section Name        Object

    0x10000000   0x00000004   Data   RW           16    .data               system_lpc17xx.o
    0x10000004   0x00000048   Data   RW           84    .data               blinky.o
    0x1000004c   0x00000006   Data   RW          118    .data               glcd_spi_lpc1700.o
    0x10000052   0x00000002   PAD
    0x10000054   0x00002024   Zero   RW           83    .bss                blinky.o
    0x10002078   0x00000200   Zero   RW            1    STACK               startup_lpc17xx.o


==============================================================================

Image component sizes


      Code (inc. data)   RO Data    RW Data    ZI Data      Debug   Object Name

      1620        164          0         72       8228       3338   blinky.o
      2004         80       5376          6          0       6467   glcd_spi_lpc1700.o
       234          0          0          0          0       1495   librarydisplay.o
         0          0         40          0          0       8395   rtx_conf_cm.o
        32          8        196          0        512        888   startup_lpc17xx.o
       532         66          0          4          0       4907   system_lpc17xx.o

    ----------------------------------------------------------------------
      4424        318       5788         84       8740      25490   Object Totals
         0          0         32          0          0          0   (incl. Generated)
         2          0        144          2          0          0   (incl. Padding)

    ----------------------------------------------------------------------

      Code (inc. data)   RO Data    RW Data    ZI Data      Debug   Library Member Name

         0          0          0          0          0          0   entry.o
         0          0          0          0          0          0   entry10a.o
         0          0          0          0          0          0   entry11a.o
         8          4          0          0          0          0   entry2.o
         4          0          0          0          0          0   entry5.o
         0          0          0          0          0          0   entry7b.o
         0          0          0          0          0          0   entry8b.o
         8          4          0          0          0          0   entry9a.o
        30          0          0          0          0          0   handlers.o
        36          8          0          0          0         68   init.o

    ----------------------------------------------------------------------
        88         16          0          0          0         68   Library Totals
         2          0          0          0          0          0   (incl. Padding)

    ----------------------------------------------------------------------

      Code (inc. data)   RO Data    RW Data    ZI Data      Debug   Library Name

        86         16          0          0          0         68   mc_w.l

    ----------------------------------------------------------------------
        88         16          0          0          0         68   Library Totals

    ----------------------------------------------------------------------

==============================================================================


      Code (inc. data)   RO Data    RW Data    ZI Data      Debug   

      4512        334       5788         84       8740      25298   Grand Totals
      4512        334       5788         84       8740      25298   ELF Image Totals
      4512        334       5788         84          0          0   ROM Totals

==============================================================================

    Total RO  Size (Code + RO Data)                10300 (  10.06kB)
    Total RW  Size (RW Data + ZI Data)              8824 (   8.62kB)
    Total ROM Size (Code + RO Data + RW Data)      10384 (  10.14kB)

==============================================================================

