<html>
<body>
<pre>
<h1>µVision Build Log</h1>
<h2>Project:</h2>
C:\Users\av.naykov\Desktop\gusev\7DACStable Ч копи€\Blinky.uvproj
Project File Date:  10/03/2016

<h2>Output:</h2>
Build target 'MCB1700'
linking...
Program Size: Code=4604 RO-data=556 RW-data=32 ZI-data=512  
".\Obj\Blinky.axf" - 0 Error(s), 0 Warning(s).
Load "C:\\Users\\av.naykov\\Desktop\\gusev\\7DACStable Ч копи€\\Obj\\Blinky.axf" 
Erase Done.
Programming Done.
Verify OK.
Application running ...
</pre>
</body>
</html>
 ZI-data=512  
".\Obj\Blinky.axf" - 0 Error(s), 2 Warning(s).
Load "C:\\Users\\av.naykov\\Desktop\\gusev\\7DACStable Ч копи€\\Obj\\Blinky.axf" 
Erase Done.
Programming Done.
Verify OK.
Application running ...
